// Jest Snapshot v1, https://goo.gl/fbAQLP

exports[`renders Dashboard correctly 1`] = `
<div>
  <Connect(Summary) />
  <Connect(ExpenseListFilters) />
  <Connect(ExpenseList) />
</div>
`;
