// Jest Snapshot v1, https://goo.gl/fbAQLP

exports[`renders the Edit Expense Page 1`] = `
<div>
  <ExpenseForm
    expense={
      Object {
        "amount": 649,
        "createdAt": 604800000,
        "description": "New mouse",
        "id": "3",
        "note": "",
      }
    }
    onSubmit={[Function]}
  />
  <button
    onClick={[Function]}
  >
    Remove
  </button>
</div>
`;
