// Jest Snapshot v1, https://goo.gl/fbAQLP

exports[`renders Header correctly 1`] = `
<header>
  <h1>
    Lean Life
  </h1>
  <NavLink
    activeClassName="is-active"
    exact={true}
    to="/"
  >
    Home
  </NavLink>
  <NavLink
    activeClassName="is-active"
    to="/create"
  >
    Add an expense
  </NavLink>
  <button
    onClick={[Function]}
  >
    Log out
  </button>
</header>
`;
