// Jest Snapshot v1, https://goo.gl/fbAQLP

exports[`renders LoginPage 1`] = `
<div
  className="box-layout"
>
  <div
    className="box-layout__box"
  >
    <h1
      className="box-layout__title"
    >
      Lean Life
    </h1>
    <p>
      Manage your expenses and streamline your life
    </p>
    <button
      className="button"
    >
      Log in
    </button>
  </div>
</div>
`;
